Microchip MPLAB XC8 Compiler V2.31

Linker command line:

-W-3 --edf=C:\Program Files\Microchip\xc8\v2.31\pic\dat\en_msgs.txt -cn \
  -h+dist/default/production\Lab_Digital2.X.production.sym \
  --cmf=dist/default/production\Lab_Digital2.X.production.cmf -z -Q16F887 \
  -oC:\Users\Earst\AppData\Local\Temp\sg38.2 --defsym=__MPLAB_BUILD=1 \
  -Mdist/default/production/Lab_Digital2.X.production.map -E1 \
  -ver=XC8 Compiler --acfsm=1493 -ASTACK=0110h-016Fh -pstack=STACK \
  -ACODE=00h-07FFhx4 -ASTRCODE=00h-01FFFh -ASTRING=00h-0FFhx32 \
  -ACONST=00h-0FFhx32 -AENTRY=00h-0FFhx32 -ACOMMON=070h-07Fh \
  -ABANK0=020h-06Fh -ABANK1=0A0h-0EFh -ABANK2=0110h-016Fh \
  -ABANK3=0190h-01EFh -ARAM=020h-06Fh,0A0h-0EFh,0110h-016Fh,0190h-01EFh \
  -AABS1=020h-07Fh,0A0h-0EFh,0110h-016Fh,0190h-01EFh -ASFR0=00h-01Fh \
  -ASFR1=080h-09Fh -ASFR2=0100h-010Fh -ASFR3=0180h-018Fh \
  -ACONFIG=02007h-02008h -DCONFIG=2 -AIDLOC=02000h-02003h -DIDLOC=2 \
  -AEEDATA=00h-0FFh/02100h -peeprom_data=EEDATA -DEEDATA=2 -DCODE=2 \
  -DSTRCODE=2 -DSTRING=2 -DCONST=2 -DENTRY=2 \
  -preset_vec=00h,intentry=04h,init,end_init -ppowerup=CODE -pcinit=CODE \
  -pfunctab=ENTRY -k C:\Users\Earst\AppData\Local\Temp\sg38.o \
  dist/default/production\Lab_Digital2.X.production.o 

Object code version is 3.11

Machine type is 16F887



                Name                               Link     Load   Length Selector   Space Scale
C:\Users\Earst\AppData\Local\Temp\sg38.o
                end_init                              C        C        3        8       0
                reset_vec                             0        0        3        0       0
                config                             2007     2007        2        0       4
dist/default/production\Lab_Digital2.X.production.o
                cinit                                 F        F        D        8       0
                intentry                              4        4        8        8       0
                config                             2007     2007        2        0       4
                text23                             146A     146A       2B     28D4       0
                text22                             13A6     13A6        A     274C       0
                text21                             1567     1567       54     2ACE       0
                text20                              85D      85D       F6     10BA       0
                text19                              7F9      7F9        6        8       0
                text18                              7DF      7DF       1A        8       0
                text17                             13B0     13B0        D     2760       0
                text16                             1495     1495       45     292A       0
                text15                             13D2     13D2       24     27A4       0
                text14                             13BD     13BD       15     277A       0
                text13                             14DA     14DA       46     29B4       0
                text12                             15BB     15BB       69     2B76       0
                text11                              953      953      1DD     12A6       0
                text10                             16A0     16A0       A4     2D40       0
                text9                              1441     1441       29     2882       0
                text8                               47E      47E      361        8       0
                text7                               D78      D78      288     1AF0       0
                text6                              13F6     13F6       24     27EC       0
                text5                              1624     1624       7C     2C48       0
                text4                              141A     141A       27     2834       0
                text3                              1744     1744       BC     2E88       0
                text2                                1C       1C      462        8       0
                text1                              1520     1520       47     2A40       0
                maintext                            B30      B30      248     1660       0
                cstackBANK0                          20       20       4D       20       1
                cstackCOMMON                         70       70        B       70       1
                cstackBANK1                          CD       CD       1D       A0       1
                clrtext                            139E     139E        8     273C       0
                bssBANK1                             A0       A0       2D       A0       1
                strings                             800      800       57     1000       0

TOTAL           Name                               Link     Load   Length     Space
        CLASS   STACK          

        CLASS   CODE           
                end_init                              C        C        3         0
                cinit                                 F        F        D         0
                intentry                              4        4        8         0
                reset_vec                             0        0        3         0
                text23                             146A     146A       2B         0
                text22                             13A6     13A6        A         0
                text21                             1567     1567       54         0
                text20                              85D      85D       F6         0
                text19                              7F9      7F9        6         0
                text18                              7DF      7DF       1A         0
                text17                             13B0     13B0        D         0
                text16                             1495     1495       45         0
                text15                             13D2     13D2       24         0
                text14                             13BD     13BD       15         0
                text13                             14DA     14DA       46         0
                text12                             15BB     15BB       69         0
                text11                              953      953      1DD         0
                text10                             16A0     16A0       A4         0
                text9                              1441     1441       29         0
                text8                               47E      47E      361         0
                text7                               D78      D78      288         0
                text6                              13F6     13F6       24         0
                text5                              1624     1624       7C         0
                text4                              141A     141A       27         0
                text3                              1744     1744       BC         0
                text2                                1C       1C      462         0
                text1                              1520     1520       47         0
                maintext                            B30      B30      248         0
                clrtext                            139E     139E        8         0

        CLASS   STRCODE        

        CLASS   STRING         
                strings                             800      800       57         0

        CLASS   CONST          

        CLASS   ENTRY          

        CLASS   COMMON         
                cstackCOMMON                         70       70        B         1

        CLASS   BANK0          
                cstackBANK0                          20       20       4D         1

        CLASS   BANK1          
                cstackBANK1                          CD       CD       1D         1
                bssBANK1                             A0       A0       2D         1

        CLASS   BANK2          

        CLASS   BANK3          

        CLASS   RAM            

        CLASS   ABS1           
                abs_s1                               7E       7E        2         1

        CLASS   SFR0           

        CLASS   SFR1           

        CLASS   SFR2           

        CLASS   SFR3           

        CLASS   CONFIG         
                config                             2007     2007        2         4

        CLASS   IDLOC          

        CLASS   EEDATA         



SEGMENTS        Name                           Load    Length   Top    Selector   Space  Class     Delta

                reset_vec                      000000  000003  000003         0       0  CODE        2
                intentry                       000004  0007FB  0007FF         8       0  CODE        2
                cstackBANK0                    000020  00004D  00006D        20       1  BANK0       1
                cstackCOMMON                   000070  00000B  00007B        70       1  COMMON      1
                bssBANK1                       0000A0  00004A  0000EA        A0       1  BANK1       1
                strings                        000800  000057  000857      1000       0  STRING      2
                text20                         00085D  0000F6  000953      10BA       0  CODE        2
                text11                         000953  0001DD  000B30      12A6       0  CODE        2
                maintext                       000B30  000248  000D78      1660       0  CODE        2
                text7                          000D78  000288  001000      1AF0       0  CODE        2
                clrtext                        00139E  000008  0013A6      273C       0  CODE        2
                text22                         0013A6  00000A  0013B0      274C       0  CODE        2
                text17                         0013B0  00000D  0013BD      2760       0  CODE        2
                text14                         0013BD  000015  0013D2      277A       0  CODE        2
                text15                         0013D2  000024  0013F6      27A4       0  CODE        2
                text6                          0013F6  000024  00141A      27EC       0  CODE        2
                text4                          00141A  000027  001441      2834       0  CODE        2
                text9                          001441  000029  00146A      2882       0  CODE        2
                text23                         00146A  00002B  001495      28D4       0  CODE        2
                text16                         001495  000045  0014DA      292A       0  CODE        2
                text13                         0014DA  000046  001520      29B4       0  CODE        2
                text1                          001520  000047  001567      2A40       0  CODE        2
                text21                         001567  000054  0015BB      2ACE       0  CODE        2
                text12                         0015BB  000069  001624      2B76       0  CODE        2
                text5                          001624  00007C  0016A0      2C48       0  CODE        2
                text10                         0016A0  0000A4  001744      2D40       0  CODE        2
                text3                          001744  0000BC  001800      2E88       0  CODE        2


UNUSED ADDRESS RANGES

        Name                Unused          Largest block    Delta
        BANK0            006D-006F              3           1
        BANK1            00EA-00EF              6           1
        BANK2            0110-016F             60           1
        BANK3            0190-01EF             60           1
        CODE             0003-0003              1           2
                         07FF-07FF              1
                         0857-085C              6
                         1000-139D            39E
                         1800-1FFF            800
        COMMON           007B-007D              3           1
        CONST            0003-0003              1           2
                         07FF-07FF              1
                         0857-085C              6
                         1000-139D            100
                         1800-1FFF            100
        EEDATA           2100-21FF            100           2
        ENTRY            0003-0003              1           2
                         07FF-07FF              1
                         0857-085C              6
                         1000-139D            100
                         1800-1FFF            100
        IDLOC            2000-2003              4           2
        RAM              006D-006F              3           1
                         00EA-00EF              6
                         0110-016F             60
                         0190-01EF             60
        SFR0             0000-001F             20           1
        SFR1             0080-009F             20           1
        SFR2             0100-010F             10           1
        SFR3             0180-018F             10           1
        STACK            0110-016F             60           1
        STRCODE          0003-0003              1           2
                         07FF-07FF              1
                         0857-085C              6
                         1000-139D            39E
                         1800-1FFF            800
        STRING           0003-0003              1           2
                         07FF-07FF              1
                         0857-085C              6
                         1000-139D            100
                         1800-1FFF            100

                                  Symbol Table

?__Umul8_16                cstackCOMMON 0073
?___awdiv                  cstackCOMMON 0073
?___fladd                  cstackCOMMON 0073
?___fldiv                  cstackBANK0  0037
?___flmul                  cstackBANK0  0051
?___flsub                  cstackBANK0  0037
?___fltol                  cstackCOMMON 0073
?___wmul                   cstackBANK0  0025
?___xxtofl                 cstackBANK0  0029
?_printf                   cstackCOMMON 0074
Lcd_Cmd@a                  cstackCOMMON 0076
Lcd_Port@a                 cstackCOMMON 0073
Lcd_Set_Cursor@a           cstackCOMMON 0079
Lcd_Set_Cursor@b           cstackCOMMON 0077
Lcd_Set_Cursor@temp        cstackCOMMON 007A
Lcd_Write_Char@a           cstackCOMMON 0075
Lcd_Write_String@a         cstackCOMMON 0076
Lcd_Write_String@i         cstackBANK0  0020
_ADCON0bits                (abs)        001F
_ADCON1bits                (abs)        009F
_ADRESH                    (abs)        001E
_ANSEL                     (abs)        0188
_ANSELH                    (abs)        0189
_BAUDCTLbits               (abs)        0187
_Eusart                    text20       085D
_INTCONbits                (abs)        000B
_Lcd_Clear                 text17       13B0
_Lcd_Cmd                   text18       07DF
_Lcd_Init                  text16       1495
_Lcd_Port                  text19       07F9
_Lcd_Set_Cursor            text15       13D2
_Lcd_Write_Char            text14       13BD
_Lcd_Write_String          text13       14DA
_OSCCONbits                (abs)        008F
_PIE1bits                  (abs)        008C
_PIR1bits                  (abs)        000C
_PORTA                     (abs)        0005
_PORTB                     (abs)        0006
_PORTC                     (abs)        0007
_PORTCbits                 (abs)        0007
_PORTD                     (abs)        0008
_RCREG                     (abs)        001A
_RCSTAbits                 (abs)        0018
_SPBRG                     (abs)        0099
_SPBRGH                    (abs)        009A
_TRISA                     (abs)        0085
_TRISB                     (abs)        0086
_TRISCbits                 (abs)        0087
_TXIF                      (abs)        0064
_TXREG                     (abs)        0019
_TXSTAbits                 (abs)        0098
__Habs1                    abs1         0000
__Hbank0                   bank0        0000
__Hbank1                   bank1        0000
__Hbank2                   bank2        0000
__Hbank3                   bank3        0000
__HbssBANK1                bssBANK1     0000
__Hcinit                   cinit        001C
__Hclrtext                 clrtext      0000
__Hcode                    code         0000
__Hcommon                  common       0000
__Hconfig                  config       2009
__HcstackBANK0             cstackBANK0  0000
__HcstackBANK1             cstackBANK1  0000
__HcstackCOMMON            cstackCOMMON 0000
__Heeprom_data             eeprom_data  0000
__Hend_init                end_init     000F
__Hfunctab                 functab      0000
__Hinit                    init         000C
__Hintentry                intentry     000C
__Hmaintext                maintext     0000
__Hpowerup                 powerup      0000
__Hram                     ram          0000
__Hreset_vec               reset_vec    0003
__Hsfr0                    sfr0         0000
__Hsfr1                    sfr1         0000
__Hsfr2                    sfr2         0000
__Hsfr3                    sfr3         0000
__Hspace_0                 (abs)        1800
__Hspace_1                 (abs)        00EA
__Hspace_2                 (abs)        0000
__Hspace_3                 (abs)        0000
__Hspace_4                 (abs)        4010
__Hstack                   stack        0000
__Hstrings                 strings      0000
__Htext                    text         0000
__Labs1                    abs1         0000
__Lbank0                   bank0        0000
__Lbank1                   bank1        0000
__Lbank2                   bank2        0000
__Lbank3                   bank3        0000
__LbssBANK1                bssBANK1     0000
__Lcinit                   cinit        000F
__Lclrtext                 clrtext      0000
__Lcode                    code         0000
__Lcommon                  common       0000
__Lconfig                  config       0000
__LcstackBANK0             cstackBANK0  0000
__LcstackBANK1             cstackBANK1  0000
__LcstackCOMMON            cstackCOMMON 0000
__Leeprom_data             eeprom_data  0000
__Lend_init                end_init     000C
__Lfunctab                 functab      0000
__Linit                    init         000C
__Lintentry                intentry     0004
__Lmaintext                maintext     0000
__Lpowerup                 powerup      0000
__Lram                     ram          0000
__Lreset_vec               reset_vec    0000
__Lsfr0                    sfr0         0000
__Lsfr1                    sfr1         0000
__Lsfr2                    sfr2         0000
__Lsfr3                    sfr3         0000
__Lspace_0                 (abs)        0000
__Lspace_1                 (abs)        0000
__Lspace_2                 (abs)        0000
__Lspace_3                 (abs)        0000
__Lspace_4                 (abs)        0000
__Lstack                   stack        0000
__Lstrings                 strings      0000
__Ltext                    text         0000
__S0                       (abs)        1800
__S1                       (abs)        00EA
__S2                       (abs)        0000
__S3                       (abs)        0000
__Umul8_16                 text9        1441
__Umul8_16@multiplicand    cstackCOMMON 0073
__Umul8_16@multiplier      cstackBANK0  0024
__Umul8_16@product         cstackBANK0  0020
__Umul8_16@word_mpld       cstackBANK0  0022
___awdiv                   text12       15BB
___awdiv@counter           cstackBANK0  0020
___awdiv@dividend          cstackCOMMON 0075
___awdiv@divisor           cstackCOMMON 0073
___awdiv@quotient          cstackBANK0  0022
___awdiv@sign              cstackBANK0  0021
___fladd                   text7        0D78
___fladd@a                 cstackCOMMON 0077
___fladd@aexp              cstackBANK0  0029
___fladd@b                 cstackCOMMON 0073
___fladd@bexp              cstackBANK0  002A
___fladd@grs               cstackBANK0  002B
___fladd@signs             cstackBANK0  0028
___fldiv                   text11       0953
___fldiv@a                 cstackBANK0  0037
___fldiv@aexp              cstackBANK0  0050
___fldiv@b                 cstackBANK0  003B
___fldiv@bexp              cstackBANK0  004F
___fldiv@grs               cstackBANK0  004B
___fldiv@new_exp           cstackBANK0  0049
___fldiv@rem               cstackBANK0  0044
___fldiv@sign              cstackBANK0  0048
___flge                    text10       16A0
___flge@ff1                cstackCOMMON 0073
___flge@ff2                cstackCOMMON 0077
___flmul                   text8        047E
___flmul@a                 cstackBANK0  0055
___flmul@aexp              cstackBANK0  0063
___flmul@b                 cstackBANK0  0051
___flmul@bexp              cstackBANK0  0064
___flmul@grs               cstackBANK0  005F
___flmul@prod              cstackBANK0  0065
___flmul@sign              cstackBANK0  005E
___flmul@temp              cstackBANK0  0069
___flsub                   text6        13F6
___flsub@a                 cstackBANK0  0037
___flsub@b                 cstackBANK0  003B
___fltol                   text5        1624
___fltol@exp1              cstackCOMMON 0078
___fltol@f1                cstackCOMMON 0073
___fltol@sign1             cstackCOMMON 0077
___int_sp                  stack        0000
___latbits                 (abs)        0002
___sp                      stack        0000
___stackhi                 (abs)        0000
___stacklo                 (abs)        0000
___wmul                    text4        141A
___wmul@multiplicand       cstackBANK0  0027
___wmul@multiplier         cstackBANK0  0025
___wmul@product            cstackCOMMON 0079
___xxtofl                  text3        1744
___xxtofl@arg              cstackBANK0  0033
___xxtofl@exp              cstackBANK0  0032
___xxtofl@sign             cstackBANK0  0031
___xxtofl@val              cstackBANK0  0029
__end_of_Eusart            text20       0953
__end_of_Lcd_Clear         text17       13BD
__end_of_Lcd_Cmd           text18       07F9
__end_of_Lcd_Init          text16       14DA
__end_of_Lcd_Port          text19       07FF
__end_of_Lcd_Set_Cursor    text15       13F6
__end_of_Lcd_Write_Char    text14       13D2
__end_of_Lcd_Write_String  text13       1520
__end_of__Umul8_16         text9        146A
__end_of___awdiv           text12       1624
__end_of___fladd           text7        1000
__end_of___fldiv           text11       0B30
__end_of___flge            text10       1744
__end_of___flmul           text8        07DF
__end_of___flsub           text6        141A
__end_of___fltol           text5        16A0
__end_of___wmul            text4        1441
__end_of___xxtofl          text3        1800
__end_of__initialization   cinit        0018
__end_of__stringtab        strings      0810
__end_of_convert           text2        047E
__end_of_isr               text23       1495
__end_of_main              maintext     0D78
__end_of_printf            text21       15BB
__end_of_putch             text22       13B0
__end_of_setup             text1        1567
__initialization           cinit        000F
__pbssBANK1                bssBANK1     00A0
__pcstackBANK0             cstackBANK0  0020
__pcstackBANK1             cstackBANK1  00CD
__pcstackCOMMON            cstackCOMMON 0070
__pintentry                intentry     0004
__pmaintext                maintext     0B30
__pstrings                 strings      0800
__ptext1                   text1        1520
__ptext10                  text10       16A0
__ptext11                  text11       0953
__ptext12                  text12       15BB
__ptext13                  text13       14DA
__ptext14                  text14       13BD
__ptext15                  text15       13D2
__ptext16                  text16       1495
__ptext17                  text17       13B0
__ptext18                  text18       07DF
__ptext19                  text19       07F9
__ptext2                   text2        001C
__ptext20                  text20       085D
__ptext21                  text21       1567
__ptext22                  text22       13A6
__ptext23                  text23       146A
__ptext3                   text3        1744
__ptext4                   text4        141A
__ptext5                   text5        1624
__ptext6                   text6        13F6
__ptext7                   text7        0D78
__ptext8                   text8        047E
__ptext9                   text9        1441
__size_of_Eusart           (abs)        0000
__size_of_Lcd_Clear        (abs)        0000
__size_of_Lcd_Cmd          (abs)        0000
__size_of_Lcd_Init         (abs)        0000
__size_of_Lcd_Port         (abs)        0000
__size_of_Lcd_Set_Cursor   (abs)        0000
__size_of_Lcd_Write_Char   (abs)        0000
__size_of_Lcd_Write_String (abs)        0000
__size_of__Umul8_16        (abs)        0000
__size_of___awdiv          (abs)        0000
__size_of___fladd          (abs)        0000
__size_of___fldiv          (abs)        0000
__size_of___flge           (abs)        0000
__size_of___flmul          (abs)        0000
__size_of___flsub          (abs)        0000
__size_of___fltol          (abs)        0000
__size_of___wmul           (abs)        0000
__size_of___xxtofl         (abs)        0000
__size_of_convert          (abs)        0000
__size_of_isr              (abs)        0000
__size_of_main             (abs)        0000
__size_of_printf           (abs)        0000
__size_of_putch            (abs)        0000
__size_of_setup            (abs)        0000
__stringbase               strings      080F
__stringtab                strings      0800
_adc1                      bssBANK1     00AE
_adc2                      bssBANK1     00AD
_cont1                     bssBANK1     00AF
_contador                  bssBANK1     00AC
_conv1                     bssBANK1     00A8
_conv2                     bssBANK1     00A4
_convert                   text2        001C
_isr                       text23       146A
_main                      maintext     0B30
_main$1154                 cstackBANK1  00E6
_printf                    text21       1567
_putch                     text22       13A6
_sensor1                   bssBANK1     00C3
_sensor2                   bssBANK1     00B9
_setup                     text1        1520
btemp                      (abs)        007E
clear_ram0                 clrtext      139E
convert@a                  cstackBANK1  00CD
convert@data               cstackBANK1  00DD
convert@digits             cstackBANK1  00DE
convert@i                  cstackBANK1  00DB
convert@j                  cstackBANK1  00D5
convert@mu                 cstackBANK1  00E0
convert@place              cstackBANK1  00D1
convert@temp               cstackBANK1  00D3
convert@x                  cstackBANK1  00D7
end_of_initialization      cinit        0018
interrupt_function         intentry     0004
intlevel0                  functab      0000
intlevel1                  functab      0000
intlevel2                  functab      0000
intlevel3                  functab      0000
intlevel4                  functab      0000
intlevel5                  functab      0000
printf@ap                  cstackBANK0  0020
printf@c                   cstackBANK0  0022
printf@f                   cstackCOMMON 0074
putch@data                 cstackCOMMON 0073
reset_vec                  reset_vec    0000
saved_w                    (abs)        007E
start                      init         000C
start_initialization       cinit        000F
wtemp0                     (abs)        007E


FUNCTION INFORMATION:

 *************** function _main *****************
 Defined at:
		line 85 in file "Lab02.c"
 Parameters:    Size  Location     Type
		None
 Auto vars:     Size  Location     Type
  a               2    0        unsigned int 
 Return value:  Size  Location     Type
                  1    wreg      void 
 Registers used:
		wreg, fsr0l, fsr0h, status,2, status,0, btemp+1, pclath, cstack
 Tracked objects:
		On entry : 
		On exit  : 
		Unchanged: 
 Data sizes:     COMMON   BANK0   BANK1   BANK3   BANK2
      Params:         0       0       0       0       0
      Locals:         0       0       4       0       0
      Temps:          0       0       4       0       0
      Totals:         0       0       8       0       0
Total ram usage:        8 bytes
 Hardware stack levels required when called:    4
 This function calls:
		_Eusart
		_Lcd_Clear
		_Lcd_Init
		_Lcd_Set_Cursor
		_Lcd_Write_String
		___fldiv
		___flmul
		___xxtofl
		_convert
		_setup
 This function is called by:
		Startup code after reset
 This function uses a non-reentrant model


 *************** function _setup *****************
 Defined at:
		line 148 in file "Lab02.c"
 Parameters:    Size  Location     Type
		None
 Auto vars:     Size  Location     Type
		None
 Return value:  Size  Location     Type
                  1    wreg      void 
 Registers used:
		wreg, status,2, status,0
 Tracked objects:
		On entry : 
		On exit  : 
		Unchanged: 
 Data sizes:     COMMON   BANK0   BANK1   BANK3   BANK2
      Params:         0       0       0       0       0
      Locals:         0       0       0       0       0
      Temps:          1       0       0       0       0
      Totals:         1       0       0       0       0
Total ram usage:        1 bytes
 Hardware stack levels used:    1
 Hardware stack levels required when called:    1
 This function calls:
		Nothing
 This function is called by:
		_main
 This function uses a non-reentrant model


 *************** function _convert *****************
 Defined at:
		line 84 in file "LCD.c"
 Parameters:    Size  Location     Type
  data            1    wreg     PTR unsigned char 
		 -> cont1(10), sensor2(10), sensor1(10), 
  a               4    0[BANK1 ] float 
  place           2    4[BANK1 ] int 
 Auto vars:     Size  Location     Type
  data            1   16[BANK1 ] PTR unsigned char 
		 -> cont1(10), sensor2(10), sensor1(10), 
  x               4   10[BANK1 ] float 
  mu              2   19[BANK1 ] int 
  digits          2   17[BANK1 ] int 
  i               2   14[BANK1 ] int 
  j               2    8[BANK1 ] int 
  temp            2    6[BANK1 ] int 
 Return value:  Size  Location     Type
                  1    wreg      void 
 Registers used:
		wreg, fsr0l, fsr0h, status,2, status,0, btemp+1, pclath, cstack
 Tracked objects:
		On entry : 
		On exit  : 
		Unchanged: 
 Data sizes:     COMMON   BANK0   BANK1   BANK3   BANK2
      Params:         0       0       6       0       0
      Locals:         0       0      15       0       0
      Temps:          0       2       0       0       0
      Totals:         0       2      21       0       0
Total ram usage:       23 bytes
 Hardware stack levels used:    1
 Hardware stack levels required when called:    3
 This function calls:
		___awdiv
		___fldiv
		___flge
		___flmul
		___flsub
		___fltol
		___wmul
		___xxtofl
 This function is called by:
		_main
 This function uses a non-reentrant model


 *************** function ___xxtofl *****************
 Defined at:
		line 10 in file "C:\Program Files\Microchip\xc8\v2.31\pic\sources\c90\common\xxtofl.c"
 Parameters:    Size  Location     Type
  sign            1    wreg     unsigned char 
  val             4    9[BANK0 ] long 
 Auto vars:     Size  Location     Type
  sign            1   17[BANK0 ] unsigned char 
  arg             4   19[BANK0 ] unsigned long 
  exp             1   18[BANK0 ] unsigned char 
 Return value:  Size  Location     Type
                  4    9[BANK0 ] unsigned char 
 Registers used:
		wreg, status,2, status,0
 Tracked objects:
		On entry : 
		On exit  : 
		Unchanged: 
 Data sizes:     COMMON   BANK0   BANK1   BANK3   BANK2
      Params:         0       4       0       0       0
      Locals:         0       6       0       0       0
      Temps:          0       4       0       0       0
      Totals:         0      14       0       0       0
Total ram usage:       14 bytes
 Hardware stack levels used:    1
 Hardware stack levels required when called:    1
 This function calls:
		Nothing
 This function is called by:
		_main
		_convert
 This function uses a non-reentrant model


 *************** function ___wmul *****************
 Defined at:
		line 15 in file "C:\Program Files\Microchip\xc8\v2.31\pic\sources\c90\common\Umul16.c"
 Parameters:    Size  Location     Type
  multiplier      2    5[BANK0 ] unsigned int 
  multiplicand    2    7[BANK0 ] unsigned int 
 Auto vars:     Size  Location     Type
  product         2    9[COMMON] unsigned int 
 Return value:  Size  Location     Type
                  2    5[BANK0 ] unsigned int 
 Registers used:
		wreg, status,2, status,0
 Tracked objects:
		On entry : 
		On exit  : 
		Unchanged: 
 Data sizes:     COMMON   BANK0   BANK1   BANK3   BANK2
      Params:         0       4       0       0       0
      Locals:         2       0       0       0       0
      Temps:          0       0       0       0       0
      Totals:         2       4       0       0       0
Total ram usage:        6 bytes
 Hardware stack levels used:    1
 Hardware stack levels required when called:    1
 This function calls:
		Nothing
 This function is called by:
		_convert
 This function uses a non-reentrant model


 *************** function ___fltol *****************
 Defined at:
		line 43 in file "C:\Program Files\Microchip\xc8\v2.31\pic\sources\c90\common\fltol.c"
 Parameters:    Size  Location     Type
  f1              4    3[COMMON] unsigned int 
 Auto vars:     Size  Location     Type
  exp1            1    8[COMMON] unsigned char 
  sign1           1    7[COMMON] unsigned char 
 Return value:  Size  Location     Type
                  4    3[COMMON] long 
 Registers used:
		wreg, status,2, status,0
 Tracked objects:
		On entry : 
		On exit  : 
		Unchanged: 
 Data sizes:     COMMON   BANK0   BANK1   BANK3   BANK2
      Params:         4       0       0       0       0
      Locals:         2       0       0       0       0
      Temps:          0       5       0       0       0
      Totals:         6       5       0       0       0
Total ram usage:       11 bytes
 Hardware stack levels used:    1
 Hardware stack levels required when called:    1
 This function calls:
		Nothing
 This function is called by:
		_convert
 This function uses a non-reentrant model


 *************** function ___flsub *****************
 Defined at:
		line 242 in file "C:\Program Files\Microchip\xc8\v2.31\pic\sources\c90\common\sprcadd.c"
 Parameters:    Size  Location     Type
  a               4   23[BANK0 ] long 
  b               4   27[BANK0 ] long 
 Auto vars:     Size  Location     Type
		None
 Return value:  Size  Location     Type
                  4   23[BANK0 ] long 
 Registers used:
		wreg, status,2, status,0, btemp+1, pclath, cstack
 Tracked objects:
		On entry : 
		On exit  : 
		Unchanged: 
 Data sizes:     COMMON   BANK0   BANK1   BANK3   BANK2
      Params:         0       8       0       0       0
      Locals:         0       0       0       0       0
      Temps:          0       0       0       0       0
      Totals:         0       8       0       0       0
Total ram usage:        8 bytes
 Hardware stack levels used:    1
 Hardware stack levels required when called:    2
 This function calls:
		___fladd
 This function is called by:
		_convert
 This function uses a non-reentrant model


 *************** function ___fladd *****************
 Defined at:
		line 10 in file "C:\Program Files\Microchip\xc8\v2.31\pic\sources\c90\common\sprcadd.c"
 Parameters:    Size  Location     Type
  b               4    3[COMMON] long 
  a               4    7[COMMON] long 
 Auto vars:     Size  Location     Type
  grs             1   11[BANK0 ] unsigned char 
  bexp            1   10[BANK0 ] unsigned char 
  aexp            1    9[BANK0 ] unsigned char 
  signs           1    8[BANK0 ] unsigned char 
 Return value:  Size  Location     Type
                  4    3[COMMON] unsigned char 
 Registers used:
		wreg, status,2, status,0, btemp+1
 Tracked objects:
		On entry : 
		On exit  : 
		Unchanged: 
 Data sizes:     COMMON   BANK0   BANK1   BANK3   BANK2
      Params:         8       0       0       0       0
      Locals:         0       4       0       0       0
      Temps:          0       8       0       0       0
      Totals:         8      12       0       0       0
Total ram usage:       20 bytes
 Hardware stack levels used:    1
 Hardware stack levels required when called:    1
 This function calls:
		Nothing
 This function is called by:
		___flsub
 This function uses a non-reentrant model


 *************** function ___flmul *****************
 Defined at:
		line 8 in file "C:\Program Files\Microchip\xc8\v2.31\pic\sources\c90\common\sprcmul.c"
 Parameters:    Size  Location     Type
  b               4   49[BANK0 ] unsigned char 
  a               4   53[BANK0 ] unsigned char 
 Auto vars:     Size  Location     Type
  prod            4   69[BANK0 ] struct .
  grs             4   63[BANK0 ] unsigned long 
  temp            2   73[BANK0 ] struct .
  bexp            1   68[BANK0 ] unsigned char 
  aexp            1   67[BANK0 ] unsigned char 
  sign            1   62[BANK0 ] unsigned char 
 Return value:  Size  Location     Type
                  4   49[BANK0 ] unsigned char 
 Registers used:
		wreg, status,2, status,0, btemp+1, pclath, cstack
 Tracked objects:
		On entry : 
		On exit  : 
		Unchanged: 
 Data sizes:     COMMON   BANK0   BANK1   BANK3   BANK2
      Params:         0       8       0       0       0
      Locals:         0      13       0       0       0
      Temps:          0       5       0       0       0
      Totals:         0      26       0       0       0
Total ram usage:       26 bytes
 Hardware stack levels used:    1
 Hardware stack levels required when called:    2
 This function calls:
		__Umul8_16
 This function is called by:
		_main
		_convert
 This function uses a non-reentrant model


 *************** function __Umul8_16 *****************
 Defined at:
		line 4 in file "C:\Program Files\Microchip\xc8\v2.31\pic\sources\c90\common\Umul8_16.c"
 Parameters:    Size  Location     Type
  multiplier      1    wreg     unsigned char 
  multiplicand    1    3[COMMON] unsigned char 
 Auto vars:     Size  Location     Type
  multiplier      1    4[BANK0 ] unsigned char 
  word_mpld       2    2[BANK0 ] unsigned int 
  product         2    0[BANK0 ] unsigned int 
 Return value:  Size  Location     Type
                  2    3[COMMON] unsigned int 
 Registers used:
		wreg, status,2, status,0
 Tracked objects:
		On entry : 
		On exit  : 
		Unchanged: 
 Data sizes:     COMMON   BANK0   BANK1   BANK3   BANK2
      Params:         2       0       0       0       0
      Locals:         0       5       0       0       0
      Temps:          2       0       0       0       0
      Totals:         4       5       0       0       0
Total ram usage:        9 bytes
 Hardware stack levels used:    1
 Hardware stack levels required when called:    1
 This function calls:
		Nothing
 This function is called by:
		___flmul
 This function uses a non-reentrant model


 *************** function ___flge *****************
 Defined at:
		line 4 in file "C:\Program Files\Microchip\xc8\v2.31\pic\sources\c90\common\flge.c"
 Parameters:    Size  Location     Type
  ff1             4    3[COMMON] unsigned int 
  ff2             4    7[COMMON] unsigned int 
 Auto vars:     Size  Location     Type
		None
 Return value:  Size  Location     Type
		None               void
 Registers used:
		wreg, status,2, status,0
 Tracked objects:
		On entry : 
		On exit  : 
		Unchanged: 
 Data sizes:     COMMON   BANK0   BANK1   BANK3   BANK2
      Params:         8       0       0       0       0
      Locals:         0       0       0       0       0
      Temps:          0       4       0       0       0
      Totals:         8       4       0       0       0
Total ram usage:       12 bytes
 Hardware stack levels used:    1
 Hardware stack levels required when called:    1
 This function calls:
		Nothing
 This function is called by:
		_convert
 This function uses a non-reentrant model


 *************** function ___fldiv *****************
 Defined at:
		line 8 in file "C:\Program Files\Microchip\xc8\v2.31\pic\sources\c90\common\sprcdiv.c"
 Parameters:    Size  Location     Type
  a               4   23[BANK0 ] unsigned int 
  b               4   27[BANK0 ] unsigned int 
 Auto vars:     Size  Location     Type
  grs             4   43[BANK0 ] unsigned long 
  rem             4   36[BANK0 ] unsigned long 
  new_exp         2   41[BANK0 ] int 
  aexp            1   48[BANK0 ] unsigned char 
  bexp            1   47[BANK0 ] unsigned char 
  sign            1   40[BANK0 ] unsigned char 
 Return value:  Size  Location     Type
                  4   23[BANK0 ] unsigned char 
 Registers used:
		wreg, status,2, status,0, btemp+1
 Tracked objects:
		On entry : 
		On exit  : 
		Unchanged: 
 Data sizes:     COMMON   BANK0   BANK1   BANK3   BANK2
      Params:         0       8       0       0       0
      Locals:         0      13       0       0       0
      Temps:          0       5       0       0       0
      Totals:         0      26       0       0       0
Total ram usage:       26 bytes
 Hardware stack levels used:    1
 Hardware stack levels required when called:    1
 This function calls:
		Nothing
 This function is called by:
		_main
		_convert
 This function uses a non-reentrant model


 *************** function ___awdiv *****************
 Defined at:
		line 5 in file "C:\Program Files\Microchip\xc8\v2.31\pic\sources\c90\common\awdiv.c"
 Parameters:    Size  Location     Type
  divisor         2    3[COMMON] int 
  dividend        2    5[COMMON] int 
 Auto vars:     Size  Location     Type
  quotient        2    2[BANK0 ] int 
  sign            1    1[BANK0 ] unsigned char 
  counter         1    0[BANK0 ] unsigned char 
 Return value:  Size  Location     Type
                  2    3[COMMON] int 
 Registers used:
		wreg, status,2, status,0
 Tracked objects:
		On entry : 
		On exit  : 
		Unchanged: 
 Data sizes:     COMMON   BANK0   BANK1   BANK3   BANK2
      Params:         4       0       0       0       0
      Locals:         0       4       0       0       0
      Temps:          1       0       0       0       0
      Totals:         5       4       0       0       0
Total ram usage:        9 bytes
 Hardware stack levels used:    1
 Hardware stack levels required when called:    1
 This function calls:
		Nothing
 This function is called by:
		_convert
 This function uses a non-reentrant model


 *************** function _Lcd_Write_String *****************
 Defined at:
		line 66 in file "LCD.c"
 Parameters:    Size  Location     Type
  a               2    6[COMMON] PTR unsigned char 
		 -> cont1(10), STR_5(2), sensor2(10), STR_4(2), 
		 -> sensor1(10), STR_3(4), STR_2(4), STR_1(4), 
 Auto vars:     Size  Location     Type
  i               2    0[BANK0 ] int 
 Return value:  Size  Location     Type
                  1    wreg      void 
 Registers used:
		wreg, fsr0l, fsr0h, status,2, status,0, btemp+1, pclath, cstack
 Tracked objects:
		On entry : 
		On exit  : 
		Unchanged: 
 Data sizes:     COMMON   BANK0   BANK1   BANK3   BANK2
      Params:         2       0       0       0       0
      Locals:         0       2       0       0       0
      Temps:          3       0       0       0       0
      Totals:         5       2       0       0       0
Total ram usage:        7 bytes
 Hardware stack levels used:    1
 Hardware stack levels required when called:    3
 This function calls:
		_Lcd_Write_Char
 This function is called by:
		_main
 This function uses a non-reentrant model


 *************** function _Lcd_Write_Char *****************
 Defined at:
		line 58 in file "LCD.c"
 Parameters:    Size  Location     Type
  a               1    wreg     unsigned char 
 Auto vars:     Size  Location     Type
  a               1    5[COMMON] unsigned char 
 Return value:  Size  Location     Type
                  1    wreg      void 
 Registers used:
		wreg, status,2, status,0, pclath, cstack
 Tracked objects:
		On entry : 
		On exit  : 
		Unchanged: 
 Data sizes:     COMMON   BANK0   BANK1   BANK3   BANK2
      Params:         0       0       0       0       0
      Locals:         1       0       0       0       0
      Temps:          1       0       0       0       0
      Totals:         2       0       0       0       0
Total ram usage:        2 bytes
 Hardware stack levels used:    1
 Hardware stack levels required when called:    2
 This function calls:
		_Lcd_Port
 This function is called by:
		_Lcd_Write_String
 This function uses a non-reentrant model


 *************** function _Lcd_Set_Cursor *****************
 Defined at:
		line 33 in file "LCD.c"
 Parameters:    Size  Location     Type
  a               1    wreg     unsigned char 
  b               1    7[COMMON] unsigned char 
 Auto vars:     Size  Location     Type
  a               1    9[COMMON] unsigned char 
  temp            1   10[COMMON] unsigned char 
 Return value:  Size  Location     Type
                  1    wreg      void 
 Registers used:
		wreg, status,2, status,0, pclath, cstack
 Tracked objects:
		On entry : 
		On exit  : 
		Unchanged: 
 Data sizes:     COMMON   BANK0   BANK1   BANK3   BANK2
      Params:         1       0       0       0       0
      Locals:         2       0       0       0       0
      Temps:          1       0       0       0       0
      Totals:         4       0       0       0       0
Total ram usage:        4 bytes
 Hardware stack levels used:    1
 Hardware stack levels required when called:    3
 This function calls:
		_Lcd_Cmd
 This function is called by:
		_main
 This function uses a non-reentrant model


 *************** function _Lcd_Init *****************
 Defined at:
		line 44 in file "LCD.c"
 Parameters:    Size  Location     Type
		None
 Auto vars:     Size  Location     Type
		None
 Return value:  Size  Location     Type
                  1    wreg      void 
 Registers used:
		wreg, status,2, status,0, pclath, cstack
 Tracked objects:
		On entry : 
		On exit  : 
		Unchanged: 
 Data sizes:     COMMON   BANK0   BANK1   BANK3   BANK2
      Params:         0       0       0       0       0
      Locals:         0       0       0       0       0
      Temps:          2       0       0       0       0
      Totals:         2       0       0       0       0
Total ram usage:        2 bytes
 Hardware stack levels used:    1
 Hardware stack levels required when called:    3
 This function calls:
		_Lcd_Cmd
		_Lcd_Port
 This function is called by:
		_main
 This function uses a non-reentrant model


 *************** function _Lcd_Clear *****************
 Defined at:
		line 28 in file "LCD.c"
 Parameters:    Size  Location     Type
		None
 Auto vars:     Size  Location     Type
		None
 Return value:  Size  Location     Type
                  1    wreg      void 
 Registers used:
		wreg, status,2, status,0, pclath, cstack
 Tracked objects:
		On entry : 
		On exit  : 
		Unchanged: 
 Data sizes:     COMMON   BANK0   BANK1   BANK3   BANK2
      Params:         0       0       0       0       0
      Locals:         0       0       0       0       0
      Temps:          0       0       0       0       0
      Totals:         0       0       0       0       0
Total ram usage:        0 bytes
 Hardware stack levels used:    1
 Hardware stack levels required when called:    3
 This function calls:
		_Lcd_Cmd
 This function is called by:
		_main
 This function uses a non-reentrant model


 *************** function _Lcd_Cmd *****************
 Defined at:
		line 20 in file "LCD.c"
 Parameters:    Size  Location     Type
  a               1    wreg     unsigned char 
 Auto vars:     Size  Location     Type
  a               1    6[COMMON] unsigned char 
 Return value:  Size  Location     Type
                  1    wreg      void 
 Registers used:
		wreg, status,2, status,0, pclath, cstack
 Tracked objects:
		On entry : 
		On exit  : 
		Unchanged: 
 Data sizes:     COMMON   BANK0   BANK1   BANK3   BANK2
      Params:         0       0       0       0       0
      Locals:         1       0       0       0       0
      Temps:          2       0       0       0       0
      Totals:         3       0       0       0       0
Total ram usage:        3 bytes
 Hardware stack levels used:    1
 Hardware stack levels required when called:    2
 This function calls:
		_Lcd_Port
 This function is called by:
		_Lcd_Clear
		_Lcd_Set_Cursor
		_Lcd_Init
		_Lcd_Shift_Right
		_Lcd_Shift_Left
 This function uses a non-reentrant model


 *************** function _Lcd_Port *****************
 Defined at:
		line 16 in file "LCD.c"
 Parameters:    Size  Location     Type
  a               1    wreg     unsigned char 
 Auto vars:     Size  Location     Type
  a               1    3[COMMON] unsigned char 
 Return value:  Size  Location     Type
                  1    wreg      void 
 Registers used:
		wreg
 Tracked objects:
		On entry : 
		On exit  : 
		Unchanged: 
 Data sizes:     COMMON   BANK0   BANK1   BANK3   BANK2
      Params:         0       0       0       0       0
      Locals:         1       0       0       0       0
      Temps:          0       0       0       0       0
      Totals:         1       0       0       0       0
Total ram usage:        1 bytes
 Hardware stack levels used:    1
 Hardware stack levels required when called:    1
 This function calls:
		Nothing
 This function is called by:
		_Lcd_Cmd
		_Lcd_Init
		_Lcd_Write_Char
 This function uses a non-reentrant model


 *************** function _Eusart *****************
 Defined at:
		line 211 in file "Lab02.c"
 Parameters:    Size  Location     Type
		None
 Auto vars:     Size  Location     Type
		None
 Return value:  Size  Location     Type
                  1    wreg      void 
 Registers used:
		wreg, fsr0l, fsr0h, status,2, status,0, btemp+1, pclath, cstack
 Tracked objects:
		On entry : 
		On exit  : 
		Unchanged: 
 Data sizes:     COMMON   BANK0   BANK1   BANK3   BANK2
      Params:         0       0       0       0       0
      Locals:         0       0       0       0       0
      Temps:          0       3       0       0       0
      Totals:         0       3       0       0       0
Total ram usage:        3 bytes
 Hardware stack levels used:    1
 Hardware stack levels required when called:    3
 This function calls:
		_printf
 This function is called by:
		_main
 This function uses a non-reentrant model


 *************** function _printf *****************
 Defined at:
		line 477 in file "C:\Program Files\Microchip\xc8\v2.31\pic\sources\c90\common\doprnt.c"
 Parameters:    Size  Location     Type
  f               2    4[COMMON] PTR const unsigned char 
		 -> STR_11(18), STR_10(13), STR_9(18), STR_8(13), 
		 -> STR_7(18), STR_6(13), cont1(10), sensor2(10), 
		 -> sensor1(10), 
 Auto vars:     Size  Location     Type
  tmpval          4    0        struct .
  cp              2    0        PTR const unsigned char 
  len             2    0        unsigned int 
  val             2    0        unsigned int 
  c               1    2[BANK0 ] unsigned char 
  flag            1    0        unsigned char 
  ap              1    0[BANK0 ] PTR void [1]
		 -> ?_printf(2), 
  prec            1    0        char 
 Return value:  Size  Location     Type
                  2    4[COMMON] int 
 Registers used:
		wreg, fsr0l, fsr0h, status,2, status,0, btemp+1, pclath, cstack
 Tracked objects:
		On entry : 
		On exit  : 
		Unchanged: 
 Data sizes:     COMMON   BANK0   BANK1   BANK3   BANK2
      Params:         2       0       0       0       0
      Locals:         0       3       0       0       0
      Temps:          4       0       0       0       0
      Totals:         6       3       0       0       0
Total ram usage:        9 bytes
 Hardware stack levels used:    1
 Hardware stack levels required when called:    2
 This function calls:
		_putch
 This function is called by:
		_Eusart
 This function uses a non-reentrant model


 *************** function _putch *****************
 Defined at:
		line 205 in file "Lab02.c"
 Parameters:    Size  Location     Type
  data            1    wreg     unsigned char 
 Auto vars:     Size  Location     Type
  data            1    3[COMMON] unsigned char 
 Return value:  Size  Location     Type
                  1    wreg      void 
 Registers used:
		wreg
 Tracked objects:
		On entry : 
		On exit  : 
		Unchanged: 
 Data sizes:     COMMON   BANK0   BANK1   BANK3   BANK2
      Params:         0       0       0       0       0
      Locals:         1       0       0       0       0
      Temps:          0       0       0       0       0
      Totals:         1       0       0       0       0
Total ram usage:        1 bytes
 Hardware stack levels used:    1
 Hardware stack levels required when called:    1
 This function calls:
		Nothing
 This function is called by:
		_printf
 This function uses a non-reentrant model


 *************** function _isr *****************
 Defined at:
		line 64 in file "Lab02.c"
 Parameters:    Size  Location     Type
		None
 Auto vars:     Size  Location     Type
		None
 Return value:  Size  Location     Type
                  1    wreg      void 
 Registers used:
		wreg, status,2, status,0
 Tracked objects:
		On entry : 
		On exit  : 
		Unchanged: 
 Data sizes:     COMMON   BANK0   BANK1   BANK3   BANK2
      Params:         0       0       0       0       0
      Locals:         0       0       0       0       0
      Temps:          3       0       0       0       0
      Totals:         3       0       0       0       0
Total ram usage:        3 bytes
 Hardware stack levels used:    1
 This function calls:
		Nothing
 This function is called by:
		Interrupt level 1
 This function uses a non-reentrant model



MODULE INFORMATION

Module		Function		Class		Link	Load	Size
C:\Program Files\Microchip\xc8\v2.31\pic\sources\c90\common\flge.c
		___flge        		CODE           	16A0	0000	164

C:\Program Files\Microchip\xc8\v2.31\pic\sources\c90\common\flge.c estimated size: 164

C:\Program Files\Microchip\xc8\v2.31\pic\sources\c90\common\sprcmul.c
		___flmul       		CODE           	047E	0000	865

C:\Program Files\Microchip\xc8\v2.31\pic\sources\c90\common\sprcmul.c estimated size: 865

C:\Program Files\Microchip\xc8\v2.31\pic\sources\c90\common\sprcdiv.c
		___fldiv       		CODE           	0953	0000	477

C:\Program Files\Microchip\xc8\v2.31\pic\sources\c90\common\sprcdiv.c estimated size: 477

C:\Program Files\Microchip\xc8\v2.31\pic\sources\c90\common\Umul8_16.c
		__Umul8_16     		CODE           	1441	0000	41

C:\Program Files\Microchip\xc8\v2.31\pic\sources\c90\common\Umul8_16.c estimated size: 41

C:\Program Files\Microchip\xc8\v2.31\pic\sources\c90\common\doprnt.c
		_printf        		CODE           	1567	0000	84

C:\Program Files\Microchip\xc8\v2.31\pic\sources\c90\common\doprnt.c estimated size: 84

C:\Program Files\Microchip\xc8\v2.31\pic\sources\c90\common\Umul16.c
		___wmul        		CODE           	141A	0000	39

C:\Program Files\Microchip\xc8\v2.31\pic\sources\c90\common\Umul16.c estimated size: 39

C:\Program Files\Microchip\xc8\v2.31\pic\sources\c90\common\sprcadd.c
		___flsub       		CODE           	13F6	0000	36
		___fladd       		CODE           	0D78	0000	648

C:\Program Files\Microchip\xc8\v2.31\pic\sources\c90\common\sprcadd.c estimated size: 684

Lab02.c
		_Eusart        		CODE           	085D	0000	246
		_putch         		CODE           	13A6	0000	10
		_main          		CODE           	0B30	0000	584
		_isr           		CODE           	146A	0000	43
		_setup         		CODE           	1520	0000	71

Lab02.c estimated size: 954

C:\Program Files\Microchip\xc8\v2.31\pic\sources\c90\common\awdiv.c
		___awdiv       		CODE           	15BB	0000	105

C:\Program Files\Microchip\xc8\v2.31\pic\sources\c90\common\awdiv.c estimated size: 105

shared
		__stringtab    		STRING         	0800	0000	16
		__initialization		CODE           	000F	0000	9

shared estimated size: 25

C:\Program Files\Microchip\xc8\v2.31\pic\sources\c90\common\fltol.c
		___fltol       		CODE           	1624	0000	124

C:\Program Files\Microchip\xc8\v2.31\pic\sources\c90\common\fltol.c estimated size: 124

C:\Program Files\Microchip\xc8\v2.31\pic\sources\c90\common\xxtofl.c
		___xxtofl      		CODE           	1744	0000	188

C:\Program Files\Microchip\xc8\v2.31\pic\sources\c90\common\xxtofl.c estimated size: 188

LCD.c
		_Lcd_Write_String		CODE           	14DA	0000	70
		_Lcd_Init      		CODE           	1495	0000	69
		_Lcd_Write_Char		CODE           	13BD	0000	21
		_Lcd_Cmd       		CODE           	07DF	0000	26
		_Lcd_Set_Cursor		CODE           	13D2	0000	36
		_Lcd_Clear     		CODE           	13B0	0000	13
		_convert       		CODE           	001C	0000	1122
		_Lcd_Port      		CODE           	07F9	0000	6

LCD.c estimated size: 1363

